2026-02-23 20:24:58 | INFO | EDA | Loading penguins dataset from seaborn
2026-02-23 20:24:58 | INFO | EDA | Data loaded: 344 rows, 7 columns
2026-02-23 20:24:58 | INFO | EDA | Loading penguins dataset from seaborn
2026-02-23 20:24:58 | INFO | EDA | Data loaded: 344 rows, 7 columns
2026-02-23 20:24:58 | INFO | EDA | Loading penguins dataset from seaborn
2026-02-23 20:24:58 | INFO | EDA | Data loaded: 344 rows, 7 columns
2026-02-23 20:24:58 | INFO | EDA | Loading penguins dataset from seaborn
2026-02-23 20:24:58 | INFO | EDA | Data loaded: 344 rows, 7 columns
2026-02-23 20:24:58 | INFO | EDA | Creating cleaned view for EDA (dropping rows with key missing values)
2026-02-23 20:24:58 | INFO | EDA | Cleaned view shape: 342 rows, 7 columns
2026-02-23 20:24:58 | INFO | EDA | Loading penguins dataset from seaborn
2026-02-23 20:24:58 | INFO | EDA | Data loaded: 344 rows, 7 columns
2026-02-23 20:24:58 | INFO | EDA | Creating cleaned view for EDA (dropping rows with key missing values)
2026-02-23 20:24:58 | INFO | EDA | Cleaned view shape: 342 rows, 7 columns
2026-02-23 20:24:58 | INFO | EDA | Computing correlation matrix for numeric columns
2026-02-23 20:24:58 | DEBUG | EDA | 
                   bill_length_mm  bill_depth_mm  flipper_length_mm  body_mass_g
bill_length_mm           1.000000      -0.235053           0.656181     0.595110
bill_depth_mm           -0.235053       1.000000          -0.583851    -0.471916
flipper_length_mm        0.656181      -0.583851           1.000000     0.871202
body_mass_g              0.595110      -0.471916           0.871202     1.000000
2026-02-23 20:24:58 | INFO | EDA | Loading penguins dataset from seaborn
2026-02-23 20:24:58 | INFO | EDA | Data loaded: 344 rows, 7 columns
2026-02-23 20:24:58 | INFO | EDA | Creating cleaned view for EDA (dropping rows with key missing values)
2026-02-23 20:24:58 | INFO | EDA | Cleaned view shape: 342 rows, 7 columns
2026-02-23 20:24:58 | INFO | EDA | Computing correlation matrix for numeric columns
2026-02-23 20:24:58 | DEBUG | EDA | 
                   bill_length_mm  bill_depth_mm  flipper_length_mm  body_mass_g
bill_length_mm           1.000000      -0.235053           0.656181     0.595110
bill_depth_mm           -0.235053       1.000000          -0.583851    -0.471916
flipper_length_mm        0.656181      -0.583851           1.000000     0.871202
body_mass_g              0.595110      -0.471916           0.871202     1.000000
